// Jest Snapshot v1, https://goo.gl/fbAQLP

exports[`Layout container it matches the snapshot 1`] = `
<div
  className="container"
>
  <div
    className="sidebar sidebar-hidden"
  >
    <div
      className="sidebar-inset"
    >
      <a
        className="sidebar-item"
        href="/news"
        onClick={[Function]}
      >
        News
      </a>
      <a
        className="sidebar-item"
        href="/regions"
        onClick={[Function]}
      >
        Regions
      </a>
      <a
        className="sidebar-item"
        href="/video"
        onClick={[Function]}
      >
        Video
      </a>
      <a
        className="sidebar-item"
        href="/tv"
        onClick={[Function]}
      >
        TV
      </a>
      <span
        className="sidebar-footer-item"
      >
        Copyright © yarphen
      </span>
    </div>
  </div>
  <div
    className="header-wrapper"
  >
    <a
      href="/"
      onClick={[Function]}
    >
      <div
        className="big-header-logo fas fa-registered"
      />
    </a>
    <div
      className="mobile-header"
    >
      <div
        className="header-title"
      >
        News
      </div>
      <a
        href="/"
        onClick={[Function]}
      >
        <div
          className="header-logo fas fa-registered"
        />
      </a>
      <div
        className="header-sandwich fas fa-bars"
        onClick={[Function]}
      />
    </div>
    <div
      className="nav-menu"
    >
      <a
        className="nav-menu-item"
        href="/news"
        onClick={[Function]}
      >
        News
      </a>
      <a
        className="nav-menu-item"
        href="/regions"
        onClick={[Function]}
      >
        Regions
      </a>
      <a
        className="nav-menu-item"
        href="/video"
        onClick={[Function]}
      >
        Video
      </a>
      <a
        className="nav-menu-item"
        href="/tv"
        onClick={[Function]}
      >
        TV
      </a>
      <div
        className="search"
      >
        <input
          className="search-input"
          onChange={[Function]}
          onKeyDown={[Function]}
          placeholder="Search"
          type="text"
          value=""
        />
        <div
          className="search-input-icon fas fa-search"
        />
      </div>
    </div>
  </div>
  <div
    className="footer-wrapper"
  >
    <div
      className="footer"
    >
      <div
        className="footer-left"
      >
        <div
          className="footer-left-item"
        >
          <div
            className="footer-left-item-wrapper"
          >
            <a
              href="/news"
              onClick={[Function]}
            >
              News
            </a>
          </div>
        </div>
        <div
          className="footer-left-item"
        >
          <div
            className="footer-left-item-wrapper"
          >
            <a
              href="/regions"
              onClick={[Function]}
            >
              Regions
            </a>
          </div>
        </div>
        <div
          className="footer-left-item"
        >
          <div
            className="footer-left-item-wrapper"
          >
            <a
              href="/video"
              onClick={[Function]}
            >
              Video
            </a>
          </div>
        </div>
        <div
          className="footer-left-item"
        >
          <div
            className="footer-left-item-wrapper"
          >
            <a
              href="/tv"
              onClick={[Function]}
            >
              TV
            </a>
          </div>
        </div>
      </div>
      <div
        className="footer-right"
      >
        Copyright © yarphen
      </div>
    </div>
  </div>
</div>
`;
