// Jest Snapshot v1, https://goo.gl/fbAQLP

exports[`Search component it matches the snapshot 1`] = `
<div
  className="search"
>
  <input
    className="search-input"
    onChange={[Function]}
    onKeyDown={[Function]}
    placeholder="Search"
    type="text"
    value=""
  />
  <div
    className="search-input-icon fas fa-search"
  />
</div>
`;
